#-----------------------------------------------------------
# Vivado v2018.2 (64-bit)
# SW Build 2258646 on Thu Jun 14 20:02:38 MDT 2018
# IP Build 2256618 on Thu Jun 14 22:10:49 MDT 2018
# Start of session at: Tue Nov 27 12:35:02 2018
# Process ID: 43374
# Current directory: /home/rrivera/CorrelatorTrigger/TimingDistribution/TimingDistributionClient/ctp7-v7-base-fw/build/ctp7_top/ctp7_top_project.runs/v7_bd_axi_chip2chip_0_0_synth_1
# Command line: vivado -log v7_bd_axi_chip2chip_0_0.vds -product Vivado -mode batch -messageDb vivado.pb -notrace -source v7_bd_axi_chip2chip_0_0.tcl
# Log file: /home/rrivera/CorrelatorTrigger/TimingDistribution/TimingDistributionClient/ctp7-v7-base-fw/build/ctp7_top/ctp7_top_project.runs/v7_bd_axi_chip2chip_0_0_synth_1/v7_bd_axi_chip2chip_0_0.vds
# Journal file: /home/rrivera/CorrelatorTrigger/TimingDistribution/TimingDistributionClient/ctp7-v7-base-fw/build/ctp7_top/ctp7_top_project.runs/v7_bd_axi_chip2chip_0_0_synth_1/vivado.jou
#-----------------------------------------------------------
source v7_bd_axi_chip2chip_0_0.tcl -notrace
